0 verbose cli C:\Program Files\nodejs\node.exe C:\Program Files\nodejs\node_modules\npm\bin\npm-cli.js
1 info using npm@11.17.0
2 info using node@v24.19.0
3 silly config load:file:C:\Program Files\nodejs\node_modules\npm\npmrc
4 silly config load:file:C:\Users\Ballotti\Downloads\solardev-ai\.npmrc
5 silly config load:file:C:\Users\Ballotti\.npmrc
6 silly config load:file:C:\Users\Ballotti\AppData\Roaming\npm\etc\npmrc
7 verbose title npm install ai
8 verbose argv "install" "ai" "--cache" "tmp\\npm-cache"
9 verbose logfile logs-max:10 dir:C:\Users\Ballotti\Downloads\solardev-ai\tmp\npm-cache\_logs\2026-08-12T00_44_15_211Z-
10 verbose logfile C:\Users\Ballotti\Downloads\solardev-ai\tmp\npm-cache\_logs\2026-08-12T00_44_15_211Z-debug-0.log
11 silly logfile done cleaning log files
12 silly packumentCache heap:4496293888 maxSize:1124073472 maxEntrySize:562036736
13 silly idealTree buildDeps
14 silly fetch manifest ai@*
15 silly packumentCache full:https://registry.npmjs.org/ai cache-miss
16 http fetch GET 200 https://registry.npmjs.org/ai 332ms (cache miss)
17 silly packumentCache full:https://registry.npmjs.org/ai set size:undefined disposed:false
18 silly fetch manifest zod@^3.25.76 || ^4.1.8
19 silly packumentCache full:https://registry.npmjs.org/zod cache-miss
20 http fetch GET 200 https://registry.npmjs.org/zod 84ms (cache miss)
21 silly packumentCache full:https://registry.npmjs.org/zod set size:undefined disposed:false
22 silly placeDep ROOT ai@7.0.62 OK for: solardev-ai@0.1.0 want: *
23 silly fetch manifest @ai-sdk/gateway@4.0.49
24 silly packumentCache full:https://registry.npmjs.org/@ai-sdk%2fgateway cache-miss
25 silly fetch manifest @ai-sdk/provider@4.0.7
26 silly packumentCache full:https://registry.npmjs.org/@ai-sdk%2fprovider cache-miss
27 silly fetch manifest @ai-sdk/provider-utils@5.0.27
28 silly packumentCache full:https://registry.npmjs.org/@ai-sdk%2fprovider-utils cache-miss
29 http fetch GET 200 https://registry.npmjs.org/@ai-sdk%2fgateway 83ms (cache miss)
30 silly packumentCache full:https://registry.npmjs.org/@ai-sdk%2fgateway set size:undefined disposed:false
31 http fetch GET 200 https://registry.npmjs.org/@ai-sdk%2fprovider 111ms (cache miss)
32 silly packumentCache full:https://registry.npmjs.org/@ai-sdk%2fprovider set size:undefined disposed:false
33 http fetch GET 200 https://registry.npmjs.org/@ai-sdk%2fprovider-utils 142ms (cache miss)
34 silly packumentCache full:https://registry.npmjs.org/@ai-sdk%2fprovider-utils set size:undefined disposed:false
35 silly placeDep ROOT @ai-sdk/gateway@4.0.49 OK for: ai@7.0.62 want: 4.0.49
36 silly placeDep ROOT @ai-sdk/provider@4.0.7 OK for: ai@7.0.62 want: 4.0.7
37 silly placeDep ROOT @ai-sdk/provider-utils@5.0.27 OK for: ai@7.0.62 want: 5.0.27
38 silly fetch manifest @vercel/oidc@3.2.0
39 silly packumentCache full:https://registry.npmjs.org/@vercel%2foidc cache-miss
40 silly fetch manifest json-schema@^0.4.0
41 silly packumentCache full:https://registry.npmjs.org/json-schema cache-miss
42 silly fetch manifest undici@^7.28.0
43 silly packumentCache full:https://registry.npmjs.org/undici cache-miss
44 silly fetch manifest @workflow/serde@4.1.0
45 silly packumentCache full:https://registry.npmjs.org/@workflow%2fserde cache-miss
46 silly fetch manifest eventsource-parser@^3.0.8
47 silly packumentCache full:https://registry.npmjs.org/eventsource-parser cache-miss
48 http fetch GET 200 https://registry.npmjs.org/json-schema 39ms (cache miss)
49 silly packumentCache full:https://registry.npmjs.org/json-schema set size:undefined disposed:false
50 http fetch GET 200 https://registry.npmjs.org/@workflow%2fserde 48ms (cache miss)
51 silly packumentCache full:https://registry.npmjs.org/@workflow%2fserde set size:undefined disposed:false
52 http fetch GET 200 https://registry.npmjs.org/eventsource-parser 102ms (cache miss)
53 silly packumentCache full:https://registry.npmjs.org/eventsource-parser set size:undefined disposed:false
54 http fetch GET 200 https://registry.npmjs.org/undici 168ms (cache miss)
55 silly packumentCache full:https://registry.npmjs.org/undici set size:undefined disposed:false
56 http fetch GET 200 https://registry.npmjs.org/@vercel%2foidc 210ms (cache miss)
57 silly packumentCache full:https://registry.npmjs.org/@vercel%2foidc set size:undefined disposed:false
58 silly placeDep node_modules/@ai-sdk/gateway @vercel/oidc@3.2.0 OK for: @ai-sdk/gateway@4.0.49 want: 3.2.0
59 silly placeDep ROOT json-schema@0.4.0 OK for: @ai-sdk/provider@4.0.7 want: ^0.4.0
60 silly placeDep ROOT @workflow/serde@4.1.0 OK for: @ai-sdk/provider-utils@5.0.27 want: 4.1.0
61 silly placeDep ROOT eventsource-parser@3.1.1 OK for: @ai-sdk/provider-utils@5.0.27 want: ^3.0.8
62 silly placeDep node_modules/@ai-sdk/provider-utils undici@7.29.0 OK for: @ai-sdk/provider-utils@5.0.27 want: ^7.28.0
63 silly reify moves {}
64 silly audit bulk request {
64 silly audit   '@alloc/quick-lru': [ '5.2.0' ],
64 silly audit   '@babel/code-frame': [ '7.29.7' ],
64 silly audit   '@babel/compat-data': [ '7.29.7' ],
64 silly audit   '@babel/core': [ '7.29.7' ],
64 silly audit   '@babel/generator': [ '7.29.7' ],
64 silly audit   '@babel/helper-compilation-targets': [ '7.29.7' ],
64 silly audit   '@babel/helper-globals': [ '7.29.7' ],
64 silly audit   '@babel/helper-module-imports': [ '7.29.7' ],
64 silly audit   '@babel/helper-module-transforms': [ '7.29.7' ],
64 silly audit   '@babel/helper-string-parser': [ '7.29.7' ],
64 silly audit   '@babel/helper-validator-identifier': [ '7.29.7' ],
64 silly audit   '@babel/helper-validator-option': [ '7.29.7' ],
64 silly audit   '@babel/helpers': [ '7.29.7' ],
64 silly audit   '@babel/parser': [ '7.29.7' ],
64 silly audit   '@babel/template': [ '7.29.7' ],
64 silly audit   '@babel/traverse': [ '7.29.7' ],
64 silly audit   '@babel/types': [ '7.29.7' ],
64 silly audit   '@clerk/backend': [ '3.13.2' ],
64 silly audit   '@clerk/nextjs': [ '7.6.2' ],
64 silly audit   '@clerk/react': [ '6.12.8' ],
64 silly audit   '@clerk/shared': [ '4.25.8' ],
64 silly audit   '@electric-sql/pglite': [ '0.4.3' ],
64 silly audit   '@electric-sql/pglite-socket': [ '0.1.3' ],
64 silly audit   '@electric-sql/pglite-tools': [ '0.3.3' ],
64 silly audit   '@emnapi/core': [ '1.10.0' ],
64 silly audit   '@emnapi/runtime': [ '1.11.2', '1.10.0' ],
64 silly audit   '@emnapi/wasi-threads': [ '1.2.1' ],
64 silly audit   '@eslint-community/eslint-utils': [ '4.9.1' ],
64 silly audit   'eslint-visitor-keys': [ '3.4.3', '5.0.1', '4.2.1' ],
64 silly audit   '@eslint-community/regexpp': [ '4.12.2' ],
64 silly audit   '@eslint/config-array': [ '0.21.2' ],
64 silly audit   '@eslint/config-helpers': [ '0.4.2' ],
64 silly audit   '@eslint/core': [ '0.17.0' ],
64 silly audit   '@eslint/eslintrc': [ '3.3.6' ],
64 silly audit   '@eslint/js': [ '9.39.5' ],
64 silly audit   '@eslint/object-schema': [ '2.1.7' ],
64 silly audit   '@eslint/plugin-kit': [ '0.4.1' ],
64 silly audit   '@humanfs/core': [ '0.19.2' ],
64 silly audit   '@humanfs/node': [ '0.16.8' ],
64 silly audit   '@humanfs/types': [ '0.15.0' ],
64 silly audit   '@humanwhocodes/module-importer': [ '1.0.1' ],
64 silly audit   '@humanwhocodes/retry': [ '0.4.3' ],
64 silly audit   '@img/colour': [ '1.1.0' ],
64 silly audit   '@img/sharp-darwin-arm64': [ '0.35.3', '0.34.5' ],
64 silly audit   '@img/sharp-darwin-x64': [ '0.35.3', '0.34.5' ],
64 silly audit   '@img/sharp-freebsd-wasm32': [ '0.35.3' ],
64 silly audit   '@img/sharp-libvips-darwin-arm64': [ '1.3.2', '1.2.4' ],
64 silly audit   '@img/sharp-libvips-darwin-x64': [ '1.3.2', '1.2.4' ],
64 silly audit   '@img/sharp-libvips-linux-arm': [ '1.3.2', '1.2.4' ],
64 silly audit   '@img/sharp-libvips-linux-arm64': [ '1.3.2', '1.2.4' ],
64 silly audit   '@img/sharp-libvips-linux-ppc64': [ '1.3.2', '1.2.4' ],
64 silly audit   '@img/sharp-libvips-linux-riscv64': [ '1.3.2', '1.2.4' ],
64 silly audit   '@img/sharp-libvips-linux-s390x': [ '1.3.2', '1.2.4' ],
64 silly audit   '@img/sharp-libvips-linux-x64': [ '1.3.2', '1.2.4' ],
64 silly audit   '@img/sharp-libvips-linuxmusl-arm64': [ '1.3.2', '1.2.4' ],
64 silly audit   '@img/sharp-libvips-linuxmusl-x64': [ '1.3.2', '1.2.4' ],
64 silly audit   '@img/sharp-linux-arm': [ '0.35.3', '0.34.5' ],
64 silly audit   '@img/sharp-linux-arm64': [ '0.35.3', '0.34.5' ],
64 silly audit   '@img/sharp-linux-ppc64': [ '0.35.3', '0.34.5' ],
64 silly audit   '@img/sharp-linux-riscv64': [ '0.35.3', '0.34.5' ],
64 silly audit   '@img/sharp-linux-s390x': [ '0.35.3', '0.34.5' ],
64 silly audit   '@img/sharp-linux-x64': [ '0.35.3', '0.34.5' ],
64 silly audit   '@img/sharp-linuxmusl-arm64': [ '0.35.3', '0.34.5' ],
64 silly audit   '@img/sharp-linuxmusl-x64': [ '0.35.3', '0.34.5' ],
64 silly audit   '@img/sharp-wasm32': [ '0.35.3', '0.34.5' ],
64 silly audit   '@img/sharp-webcontainers-wasm32': [ '0.35.3' ],
64 silly audit   '@img/sharp-win32-arm64': [ '0.35.3', '0.34.5' ],
64 silly audit   '@img/sharp-win32-ia32': [ '0.35.3', '0.34.5' ],
64 silly audit   '@img/sharp-win32-x64': [ '0.35.3', '0.34.5' ],
64 silly audit   '@jridgewell/gen-mapping': [ '0.3.13' ],
64 silly audit   '@jridgewell/remapping': [ '2.3.5' ],
64 silly audit   '@jridgewell/resolve-uri': [ '3.1.2' ],
64 silly audit   '@jridgewell/sourcemap-codec': [ '1.5.5' ],
64 silly audit   '@jridgewell/trace-mapping': [ '0.3.31' ],
64 silly audit   '@mapbox/jsonlint-lines-primitives': [ '2.0.3' ],
64 silly audit   '@mapbox/point-geometry': [ '1.1.0' ],
64 silly audit   '@mapbox/tiny-sdf': [ '2.2.0' ],
64 silly audit   '@mapbox/unitbezier': [ '1.0.0' ],
64 silly audit   '@mapbox/vector-tile': [ '3.0.0' ],
64 silly audit   '@maplibre/geojson-vt': [ '6.1.1' ],
64 silly audit   '@maplibre/maplibre-gl-style-spec': [ '26.2.1' ],
64 silly audit   tinyqueue: [ '3.0.0' ],
64 silly audit   '@maplibre/mlt': [ '1.1.12' ],
64 silly audit   '@maplibre/vt-pbf': [ '4.3.2' ],
64 silly audit   '@napi-rs/wasm-runtime': [ '1.1.6' ],
64 silly audit   '@next/env': [ '16.2.10' ],
64 silly audit   '@next/eslint-plugin-next': [ '16.2.10' ],
64 silly audit   '@next/swc-darwin-arm64': [ '16.2.10' ],
64 silly audit   '@next/swc-darwin-x64': [ '16.2.10' ],
64 silly audit   '@next/swc-linux-arm64-gnu': [ '16.2.10' ],
64 silly audit   '@next/swc-linux-arm64-musl': [ '16.2.10' ],
64 silly audit   '@next/swc-linux-x64-gnu': [ '16.2.10' ],
64 silly audit   '@next/swc-linux-x64-musl': [ '16.2.10' ],
64 silly audit   '@next/swc-win32-arm64-msvc': [ '16.2.10' ],
64 silly audit   '@next/swc-win32-x64-msvc': [ '16.2.10' ],
64 silly audit   '@nodelib/fs.scandir': [ '2.1.5' ],
64 silly audit   '@nodelib/fs.stat': [ '2.0.5' ],
64 silly audit   '@nodelib/fs.walk': [ '1.2.8' ],
64 silly audit   '@nolyfill/is-core-module': [ '1.0.39' ],
64 silly audit   '@pdf-lib/standard-fonts': [ '1.0.0' ],
64 silly audit   '@pdf-lib/upng': [ '1.0.1' ],
64 silly audit   '@prisma/adapter-pg': [ '7.9.1' ],
64 silly audit   '@prisma/client': [ '7.9.1' ],
64 silly audit   '@prisma/client-runtime-utils': [ '7.9.1' ],
64 silly audit   '@prisma/config': [ '7.9.1' ],
64 silly audit   '@prisma/debug': [ '7.9.1', '7.2.0' ],
64 silly audit   '@prisma/dev': [ '0.24.17' ],
64 silly audit   '@prisma/driver-adapter-utils': [ '7.9.1' ],
64 silly audit   '@prisma/engines': [ '7.9.1' ],
64 silly audit   '@prisma/engines-version': [ '7.9.0-1.e922089b7d7502aff4249d5da3420f6fa55fc6ad' ],
64 silly audit   '@prisma/get-platform': [ '7.9.1', '7.2.0' ],
64 silly audit   '@prisma/fetch-engine': [ '7.9.1' ],
64 silly audit   '@prisma/query-plan-executor': [ '7.2.0' ],
64 silly audit   '@prisma/streams-local': [ '0.1.11' ],
64 silly audit   ajv: [ '8.20.0', '6.15.0' ],
64 silly audit   'json-schema-traverse': [ '1.0.0', '0.4.1' ],
64 silly audit   '@prisma/studio-core': [ '0.33.0' ],
64 silly audit   'd3-array': [ '3.2.4', '3.2.1' ],
64 silly audit   '@radix-ui/primitive': [ '1.1.3' ],
64 silly audit   '@radix-ui/react-compose-refs': [ '1.1.2' ],
64 silly audit   '@radix-ui/react-primitive': [ '2.1.3' ],
64 silly audit   '@radix-ui/react-slot': [ '1.2.3' ],
64 silly audit   '@radix-ui/react-toggle': [ '1.1.10' ],
64 silly audit   '@radix-ui/react-use-controllable-state': [ '1.2.2' ],
64 silly audit   '@radix-ui/react-use-effect-event': [ '0.0.2' ],
64 silly audit   '@radix-ui/react-use-layout-effect': [ '1.1.1' ],
64 silly audit   '@rtsao/scc': [ '1.1.0' ],
64 silly audit   '@stablelib/base64': [ '1.0.1' ],
64 silly audit   '@standard-schema/spec': [ '1.1.0' ],
64 silly audit   '@swc/helpers': [ '0.5.15' ],
64 silly audit   '@tailwindcss/node': [ '4.3.2' ],
64 silly audit   '@tailwindcss/oxide': [ '4.3.2' ],
64 silly audit   '@tailwindcss/oxide-android-arm64': [ '4.3.2' ],
64 silly audit   '@tailwindcss/oxide-darwin-arm64': [ '4.3.2' ],
64 silly audit   '@tailwindcss/oxide-darwin-x64': [ '4.3.2' ],
64 silly audit   '@tailwindcss/oxide-freebsd-x64': [ '4.3.2' ],
64 silly audit   '@tailwindcss/oxide-linux-arm-gnueabihf': [ '4.3.2' ],
64 silly audit   '@tailwindcss/oxide-linux-arm64-gnu': [ '4.3.2' ],
64 silly audit   '@tailwindcss/oxide-linux-arm64-musl': [ '4.3.2' ],
64 silly audit   '@tailwindcss/oxide-linux-x64-gnu': [ '4.3.2' ],
64 silly audit   '@tailwindcss/oxide-linux-x64-musl': [ '4.3.2' ],
64 silly audit   '@tailwindcss/oxide-wasm32-wasi': [ '4.3.2' ],
64 silly audit   '@tailwindcss/oxide-win32-arm64-msvc': [ '4.3.2' ],
64 silly audit   '@tailwindcss/oxide-win32-x64-msvc': [ '4.3.2' ],
64 silly audit   '@tailwindcss/postcss': [ '4.3.2' ],
64 silly audit   '@tanstack/query-core': [ '5.101.4' ],
64 silly audit   '@turf/area': [ '7.3.5' ],
64 silly audit   '@turf/centroid': [ '7.3.5' ],
64 silly audit   '@turf/distance': [ '7.3.5' ],
64 silly audit   '@turf/helpers': [ '7.3.5' ],
64 silly audit   '@turf/intersect': [ '7.3.5' ],
64 silly audit   '@turf/invariant': [ '7.3.5' ],
64 silly audit   '@turf/length': [ '7.3.5' ],
64 silly audit   '@turf/meta': [ '7.3.5' ],
64 silly audit   '@tybys/wasm-util': [ '0.10.3' ],
64 silly audit   '@types/d3-array': [ '3.0.3' ],
64 silly audit   '@types/d3-color': [ '3.1.0' ],
64 silly audit   '@types/d3-delaunay': [ '6.0.1' ],
64 silly audit   '@types/d3-format': [ '3.0.1' ],
64 silly audit   '@types/d3-geo': [ '3.1.0' ],
64 silly audit   '@types/d3-interpolate': [ '3.0.1' ],
64 silly audit   '@types/d3-path': [ '3.1.1' ],
64 silly audit   '@types/d3-scale': [ '4.0.2' ],
64 silly audit   '@types/d3-shape': [ '3.1.7' ],
64 silly audit   '@types/d3-time': [ '3.0.0' ],
64 silly audit   '@types/d3-time-format': [ '2.1.0' ],
64 silly audit   '@types/estree': [ '1.0.9' ],
64 silly audit   '@types/geojson': [ '7946.0.16' ],
64 silly audit   '@types/json-schema': [ '7.0.15' ],
64 silly audit   '@types/json5': [ '0.0.29' ],
64 silly audit   '@types/lodash': [ '4.17.24' ],
64 silly audit   '@types/node': [ '20.19.43' ],
64 silly audit   '@types/pg': [ '8.20.0' ],
64 silly audit   '@types/react': [ '19.2.17' ],
64 silly audit   '@types/react-dom': [ '19.2.3' ],
64 silly audit   '@typescript-eslint/eslint-plugin': [ '8.63.0' ],
64 silly audit   ignore: [ '7.0.6', '5.3.2' ],
64 silly audit   '@typescript-eslint/parser': [ '8.63.0' ],
64 silly audit   '@typescript-eslint/project-service': [ '8.63.0' ],
64 silly audit   '@typescript-eslint/scope-manager': [ '8.63.0' ],
64 silly audit   '@typescript-eslint/tsconfig-utils': [ '8.63.0' ],
64 silly audit   '@typescript-eslint/type-utils': [ '8.63.0' ],
64 silly audit   '@typescript-eslint/types': [ '8.63.0' ],
64 silly audit   '@typescript-eslint/typescript-estree': [ '8.63.0' ],
64 silly audit   'balanced-match': [ '4.0.4', '1.0.2' ],
64 silly audit   'brace-expansion': [ '5.0.7', '1.1.16' ],
64 silly audit   minimatch: [ '10.2.5', '3.1.5' ],
64 silly audit   semver: [ '7.8.5', '6.3.1' ],
64 silly audit   '@typescript-eslint/utils': [ '8.63.0' ],
64 silly audit   '@typescript-eslint/visitor-keys': [ '8.63.0' ],
64 silly audit   '@unrs/resolver-binding-android-arm-eabi': [ '1.12.2' ],
64 silly audit   '@unrs/resolver-binding-android-arm64': [ '1.12.2' ],
64 silly audit   '@unrs/resolver-binding-darwin-arm64': [ '1.12.2' ],
64 silly audit   '@unrs/resolver-binding-darwin-x64': [ '1.12.2' ],
64 silly audit   '@unrs/resolver-binding-freebsd-x64': [ '1.12.2' ],
64 silly audit   '@unrs/resolver-binding-linux-arm-gnueabihf': [ '1.12.2' ],
64 silly audit   '@unrs/resolver-binding-linux-arm-musleabihf': [ '1.12.2' ],
64 silly audit   '@unrs/resolver-binding-linux-arm64-gnu': [ '1.12.2' ],
64 silly audit   '@unrs/resolver-binding-linux-arm64-musl': [ '1.12.2' ],
64 silly audit   '@unrs/resolver-binding-linux-loong64-gnu': [ '1.12.2' ],
64 silly audit   '@unrs/resolver-binding-linux-loong64-musl': [ '1.12.2' ],
64 silly audit   '@unrs/resolver-binding-linux-ppc64-gnu': [ '1.12.2' ],
64 silly audit   '@unrs/resolver-binding-linux-riscv64-gnu': [ '1.12.2' ],
64 silly audit   '@unrs/resolver-binding-linux-riscv64-musl': [ '1.12.2' ],
64 silly audit   '@unrs/resolver-binding-linux-s390x-gnu': [ '1.12.2' ],
64 silly audit   '@unrs/resolver-binding-linux-x64-gnu': [ '1.12.2' ],
64 silly audit   '@unrs/resolver-binding-linux-x64-musl': [ '1.12.2' ],
64 silly audit   '@unrs/resolver-binding-openharmony-arm64': [ '1.12.2' ],
64 silly audit   '@unrs/resolver-binding-wasm32-wasi': [ '1.12.2' ],
64 silly audit   '@unrs/resolver-binding-win32-arm64-msvc': [ '1.12.2' ],
64 silly audit   '@unrs/resolver-binding-win32-ia32-msvc': [ '1.12.2' ],
64 silly audit   '@unrs/resolver-binding-win32-x64-msvc': [ '1.12.2' ],
64 silly audit   '@vercel/blob': [ '2.6.1' ],
64 silly audit   '@vercel/cli-config': [ '0.2.0' ],
64 silly audit   zod: [ '4.1.11', '4.4.3' ],
64 silly audit   '@vercel/cli-exec': [ '1.0.0' ],
64 silly audit   '@vercel/oidc': [ '3.8.0', '3.2.0' ],
64 silly audit   '@visx/curve': [ '4.0.1-alpha.0' ],
64 silly audit   '@visx/event': [ '4.0.1-alpha.0' ],
64 silly audit   '@visx/grid': [ '4.0.1-alpha.0' ],
64 silly audit   '@visx/group': [ '4.0.1-alpha.0' ],
64 silly audit   '@visx/point': [ '4.0.1-alpha.0' ],
64 silly audit   '@visx/responsive': [ '4.0.1-alpha.0' ],
64 silly audit   '@visx/scale': [ '4.0.1-alpha.0' ],
64 silly audit   '@visx/shape': [ '4.0.1-alpha.0' ],
64 silly audit   '@visx/vendor': [ '4.0.0-alpha.0' ],
64 silly audit   'd3-geo': [ '3.1.0' ],
64 silly audit   acorn: [ '8.17.0' ],
64 silly audit   'acorn-jsx': [ '5.3.2' ],
64 silly audit   'ansi-styles': [ '4.3.0' ],
64 silly audit   argparse: [ '2.0.1' ],
64 silly audit   'aria-query': [ '5.3.2' ],
64 silly audit   'array-buffer-byte-length': [ '1.0.2' ],
64 silly audit   'array-includes': [ '3.1.9' ],
64 silly audit   'array.prototype.findlast': [ '1.2.5' ],
64 silly audit   'array.prototype.findlastindex': [ '1.2.6' ],
64 silly audit   'array.prototype.flat': [ '1.3.3' ],
64 silly audit   'array.prototype.flatmap': [ '1.3.3' ],
64 silly audit   'array.prototype.tosorted': [ '1.1.4' ],
64 silly audit   'arraybuffer.prototype.slice': [ '1.0.4' ],
64 silly audit   'ast-types-flow': [ '0.0.8' ],
64 silly audit   'async-function': [ '1.0.0' ],
64 silly audit   'async-retry': [ '1.3.3' ],
64 silly audit   'available-typed-arrays': [ '1.0.7' ],
64 silly audit   'aws-ssl-profiles': [ '1.1.2' ],
64 silly audit   'axe-core': [ '4.12.1' ],
64 silly audit   'axobject-query': [ '4.1.0' ],
64 silly audit   'baseline-browser-mapping': [ '2.10.43' ],
64 silly audit   'better-result': [ '2.10.0' ],
64 silly audit   'bignumber.js': [ '9.3.1' ],
64 silly audit   braces: [ '3.0.3' ],
64 silly audit   browserslist: [ '4.28.6' ],
64 silly audit   c12: [ '3.3.4' ],
64 silly audit   'call-bind': [ '1.0.9' ],
64 silly audit   'call-bind-apply-helpers': [ '1.0.2' ],
64 silly audit   'call-bound': [ '1.0.4' ],
64 silly audit   callsites: [ '3.1.0' ],
64 silly audit   'caniuse-lite': [ '1.0.30001805' ],
64 silly audit   chalk: [ '4.1.2' ],
64 silly audit   chokidar: [ '5.0.0' ],
64 silly audit   classnames: [ '2.5.1' ],
64 silly audit   'client-only': [ '0.0.1' ],
64 silly audit   'color-convert': [ '2.0.1' ],
64 silly audit   'color-name': [ '1.1.4' ],
64 silly audit   'concat-map': [ '0.0.1' ],
64 silly audit   confbox: [ '0.2.4' ],
64 silly audit   'convert-source-map': [ '2.0.0' ],
64 silly audit   'core-util-is': [ '1.0.3' ],
64 silly audit   'cross-spawn': [ '7.0.6' ],
64 silly audit   csstype: [ '3.2.3' ],
64 silly audit   'd3-color': [ '3.1.0' ],
64 silly audit   'd3-delaunay': [ '6.0.2' ],
64 silly audit   'd3-format': [ '3.1.0' ],
64 silly audit   'd3-interpolate': [ '3.0.1' ],
64 silly audit   'd3-path': [ '3.1.0' ],
64 silly audit   'd3-scale': [ '4.0.2' ],
64 silly audit   'd3-shape': [ '3.2.0' ],
64 silly audit   'd3-time': [ '3.1.0' ],
64 silly audit   'd3-time-format': [ '4.1.0' ],
64 silly audit   'damerau-levenshtein': [ '1.0.8' ],
64 silly audit   'data-view-buffer': [ '1.0.2' ],
64 silly audit   'data-view-byte-length': [ '1.0.2' ],
64 silly audit   'data-view-byte-offset': [ '1.0.1' ],
64 silly audit   debug: [ '4.4.3', '3.2.7' ],
64 silly audit   'deep-is': [ '0.1.4' ],
64 silly audit   'deepmerge-ts': [ '7.1.5' ],
64 silly audit   'define-data-property': [ '1.1.4' ],
64 silly audit   'define-properties': [ '1.2.1' ],
64 silly audit   defu: [ '6.1.7' ],
64 silly audit   delaunator: [ '5.1.0' ],
64 silly audit   'robust-predicates': [ '3.0.3' ],
64 silly audit   denque: [ '2.1.0' ],
64 silly audit   dequal: [ '2.0.3' ],
64 silly audit   destr: [ '2.0.5' ],
64 silly audit   'detect-libc': [ '2.1.2' ],
64 silly audit   doctrine: [ '2.1.0' ],
64 silly audit   dotenv: [ '17.4.2' ],
64 silly audit   'dunder-proto': [ '1.0.1' ],
64 silly audit   effect: [ '3.20.0' ],
64 silly audit   'electron-to-chromium': [ '1.5.389' ],
64 silly audit   elkjs: [ '0.11.1' ],
64 silly audit   'emoji-regex': [ '9.2.2' ],
64 silly audit   empathic: [ '2.0.0' ],
64 silly audit   'enhanced-resolve': [ '5.21.6' ],
64 silly audit   'env-paths': [ '3.0.0' ],
64 silly audit   'es-abstract': [ '1.24.2' ],
64 silly audit   'es-abstract-get': [ '1.0.0' ],
64 silly audit   'es-define-property': [ '1.0.1' ],
64 silly audit   'es-errors': [ '1.3.0' ],
64 silly audit   'es-iterator-helpers': [ '1.4.0' ],
64 silly audit   'es-object-atoms': [ '1.1.2' ],
64 silly audit   'es-set-tostringtag': [ '2.1.0' ],
64 silly audit   'es-shim-unscopables': [ '1.1.0' ],
64 silly audit   'es-to-primitive': [ '1.3.4' ],
64 silly audit   escalade: [ '3.2.0' ],
64 silly audit   'escape-string-regexp': [ '4.0.0' ],
64 silly audit   eslint: [ '9.39.5' ],
64 silly audit   'eslint-config-next': [ '16.2.10' ],
64 silly audit   globals: [ '16.4.0', '14.0.0' ],
64 silly audit   'eslint-import-resolver-node': [ '0.3.10' ],
64 silly audit   'eslint-import-resolver-typescript': [ '3.10.1' ],
64 silly audit   'eslint-module-utils': [ '2.14.0' ],
64 silly audit   'eslint-plugin-import': [ '2.32.0' ],
64 silly audit   'eslint-plugin-jsx-a11y': [ '6.10.2' ],
64 silly audit   'eslint-plugin-react': [ '7.37.5' ],
64 silly audit   'eslint-plugin-react-hooks': [ '7.1.1' ],
64 silly audit   'eslint-scope': [ '8.4.0' ],
64 silly audit   espree: [ '10.4.0' ],
64 silly audit   esquery: [ '1.7.0' ],
64 silly audit   esrecurse: [ '4.3.0' ],
64 silly audit   estraverse: [ '5.3.0' ],
64 silly audit   esutils: [ '2.0.3' ],
64 silly audit   execa: [ '5.1.1' ],
64 silly audit   exsolve: [ '1.1.1' ],
64 silly audit   'fast-check': [ '3.23.2' ],
64 silly audit   'fast-decode-uri-component': [ '1.0.1' ],
64 silly audit   'fast-deep-equal': [ '3.1.3' ],
64 silly audit   'fast-glob': [ '3.3.1' ],
64 silly audit   'glob-parent': [ '5.1.2', '6.0.2' ],
64 silly audit   'fast-json-stable-stringify': [ '2.1.0' ],
64 silly audit   'fast-levenshtein': [ '2.0.6' ],
64 silly audit   'fast-querystring': [ '1.1.2' ],
64 silly audit   'fast-sha256': [ '1.3.0' ],
64 silly audit   'fast-uri': [ '3.1.4' ],
64 silly audit   fastq: [ '1.20.1' ],
64 silly audit   'file-entry-cache': [ '8.0.0' ],
64 silly audit   'fill-range': [ '7.1.1' ],
64 silly audit   'find-my-way': [ '9.7.0' ],
64 silly audit   'find-up': [ '5.0.0' ],
64 silly audit   'flat-cache': [ '4.0.1' ],
64 silly audit   flatted: [ '3.4.2' ],
64 silly audit   'for-each': [ '0.3.5' ],
64 silly audit   'foreground-child': [ '3.3.1' ],
64 silly audit   'signal-exit': [ '4.1.0', '3.0.7' ],
64 silly audit   fsevents: [ '2.3.2' ],
64 silly audit   'function-bind': [ '1.1.2' ],
64 silly audit   'function.prototype.name': [ '1.2.0' ],
64 silly audit   'functions-have-names': [ '1.2.3' ],
64 silly audit   'generate-function': [ '2.3.1' ],
64 silly audit   'generator-function': [ '2.0.1' ],
64 silly audit   gensync: [ '1.0.0-beta.2' ],
64 silly audit   'get-intrinsic': [ '1.3.0' ],
64 silly audit   'get-port-please': [ '3.2.0' ],
64 silly audit   'get-proto': [ '1.0.1' ],
64 silly audit   'get-stream': [ '6.0.1' ],
64 silly audit   'get-symbol-description': [ '1.1.0' ],
64 silly audit   'get-tsconfig': [ '4.14.0' ],
64 silly audit   giget: [ '3.3.1' ],
64 silly audit   'gl-matrix': [ '3.4.4' ],
64 silly audit   'glob-to-regexp': [ '0.4.1' ],
64 silly audit   globalthis: [ '1.0.4' ],
64 silly audit   gopd: [ '1.2.0' ],
64 silly audit   'graceful-fs': [ '4.2.11' ],
64 silly audit   grammex: [ '3.1.13' ],
64 silly audit   graphmatch: [ '1.1.1' ],
64 silly audit   'has-bigints': [ '1.1.0' ],
64 silly audit   'has-flag': [ '4.0.0' ],
64 silly audit   'has-property-descriptors': [ '1.0.2' ],
64 silly audit   'has-proto': [ '1.2.0' ],
64 silly audit   'has-symbols': [ '1.1.0' ],
64 silly audit   'has-tostringtag': [ '1.0.2' ],
64 silly audit   hasown: [ '2.0.4' ],
64 silly audit   'hermes-estree': [ '0.25.1' ],
64 silly audit   'hermes-parser': [ '0.25.1' ],
64 silly audit   'human-signals': [ '2.1.0' ],
64 silly audit   'iconv-lite': [ '0.7.3' ],
64 silly audit   immediate: [ '3.0.6' ],
64 silly audit   'import-fresh': [ '3.3.1' ],
64 silly audit   imurmurhash: [ '0.1.4' ],
64 silly audit   inherits: [ '2.0.4' ],
64 silly audit   'internal-slot': [ '1.1.0' ],
64 silly audit   internmap: [ '2.0.3' ],
64 silly audit   'is-array-buffer': [ '3.0.5' ],
64 silly audit   'is-async-function': [ '2.1.1' ],
64 silly audit   'is-bigint': [ '1.1.0' ],
64 silly audit   'is-boolean-object': [ '1.2.2' ],
64 silly audit   'is-buffer': [ '2.0.5' ],
64 silly audit   'is-bun-module': [ '2.0.0' ],
64 silly audit   'is-callable': [ '1.2.7' ],
64 silly audit   'is-core-module': [ '2.16.2' ],
64 silly audit   'is-data-view': [ '1.0.2' ],
64 silly audit   'is-date-object': [ '1.1.0' ],
64 silly audit   'is-document.all': [ '1.0.0' ],
64 silly audit   'is-extglob': [ '2.1.1' ],
64 silly audit   'is-finalizationregistry': [ '1.1.1' ],
64 silly audit   'is-generator-function': [ '1.1.2' ],
64 silly audit   'is-glob': [ '4.0.3' ],
64 silly audit   'is-map': [ '2.0.3' ],
64 silly audit   'is-negative-zero': [ '2.0.3' ],
64 silly audit   'is-node-process': [ '1.2.0' ],
64 silly audit   'is-number': [ '7.0.0' ],
64 silly audit   'is-number-object': [ '1.1.1' ],
64 silly audit   'is-property': [ '1.0.2' ],
64 silly audit   'is-regex': [ '1.2.1' ],
64 silly audit   'is-set': [ '2.0.3' ],
64 silly audit   'is-shared-array-buffer': [ '1.0.4' ],
64 silly audit   'is-stream': [ '2.0.1' ],
64 silly audit   'is-string': [ '1.1.1' ],
64 silly audit   'is-symbol': [ '1.1.1' ],
64 silly audit   'is-typed-array': [ '1.1.15' ],
64 silly audit   'is-weakmap': [ '2.0.2' ],
64 silly audit   'is-weakref': [ '1.1.1' ],
64 silly audit   'is-weakset': [ '2.0.4' ],
64 silly audit   isarray: [ '2.0.5', '1.0.0' ],
64 silly audit   isexe: [ '2.0.0' ],
64 silly audit   'iterator.prototype': [ '1.1.5' ],
64 silly audit   jiti: [ '2.7.0' ],
64 silly audit   jose: [ '5.10.0' ],
64 silly audit   'js-cookie': [ '3.0.7' ],
64 silly audit   'js-tokens': [ '4.0.0' ],
64 silly audit   'js-yaml': [ '4.3.0' ],
64 silly audit   jsesc: [ '3.1.0' ],
64 silly audit   'json-buffer': [ '3.0.1' ],
64 silly audit   'json-stable-stringify-without-jsonify': [ '1.0.1' ],
64 silly audit   'json-stringify-pretty-compact': [ '4.0.0' ],
64 silly audit   json5: [ '2.2.3', '1.0.2' ],
64 silly audit   'jsx-ast-utils': [ '3.3.5' ],
64 silly audit   jszip: [ '3.10.1' ],
64 silly audit   kdbush: [ '4.1.0' ],
64 silly audit   keyv: [ '4.5.4' ],
64 silly audit   'language-subtag-registry': [ '0.3.23' ],
64 silly audit   'language-tags': [ '1.0.9' ],
64 silly audit   levn: [ '0.4.1' ],
64 silly audit   lie: [ '3.3.0' ],
64 silly audit   lightningcss: [ '1.32.0' ],
64 silly audit   'lightningcss-android-arm64': [ '1.32.0' ],
64 silly audit   'lightningcss-darwin-arm64': [ '1.32.0' ],
64 silly audit   'lightningcss-darwin-x64': [ '1.32.0' ],
64 silly audit   'lightningcss-freebsd-x64': [ '1.32.0' ],
64 silly audit   'lightningcss-linux-arm-gnueabihf': [ '1.32.0' ],
64 silly audit   'lightningcss-linux-arm64-gnu': [ '1.32.0' ],
64 silly audit   'lightningcss-linux-arm64-musl': [ '1.32.0' ],
64 silly audit   'lightningcss-linux-x64-gnu': [ '1.32.0' ],
64 silly audit   'lightningcss-linux-x64-musl': [ '1.32.0' ],
64 silly audit   'lightningcss-win32-arm64-msvc': [ '1.32.0' ],
64 silly audit   'lightningcss-win32-x64-msvc': [ '1.32.0' ],
64 silly audit   'locate-path': [ '6.0.0' ],
64 silly audit   lodash: [ '4.18.1' ],
64 silly audit   'lodash.merge': [ '4.6.2' ],
64 silly audit   long: [ '5.3.2' ],
64 silly audit   'loose-envify': [ '1.4.0' ],
64 silly audit   'lru-cache': [ '5.1.1' ],
64 silly audit   'lru.min': [ '1.1.4' ],
64 silly audit   'magic-string': [ '0.30.21' ],
64 silly audit   'maplibre-gl': [ '6.0.0' ],
64 silly audit   earcut: [ '3.2.3' ],
64 silly audit   'math-intrinsics': [ '1.1.0' ],
64 silly audit   'merge-stream': [ '2.0.0' ],
64 silly audit   merge2: [ '1.4.1' ],
64 silly audit   micromatch: [ '4.0.8' ],
64 silly audit   'mimic-fn': [ '2.1.0' ],
64 silly audit   minimist: [ '1.2.8' ],
64 silly audit   ms: [ '2.1.3' ],
64 silly audit   'murmurhash-js': [ '1.0.0' ],
64 silly audit   mysql2: [ '3.15.3' ],
64 silly audit   'named-placeholders': [ '1.1.6' ],
64 silly audit   nanoid: [ '3.3.16' ],
64 silly audit   'napi-postinstall': [ '0.3.4' ],
64 silly audit   'natural-compare': [ '1.4.0' ],
64 silly audit   next: [ '16.2.10' ],
64 silly audit   postcss: [ '8.4.31', '8.5.19' ],
64 silly audit   sharp: [ '0.34.5', '0.35.3' ],
64 silly audit   'node-exports-info': [ '1.6.2' ],
64 silly audit   'node-releases': [ '2.0.51' ],
64 silly audit   'npm-run-path': [ '4.0.1' ],
64 silly audit   'object-assign': [ '4.1.1' ],
64 silly audit   'object-inspect': [ '1.13.4' ],
64 silly audit   'object-keys': [ '1.1.1' ],
64 silly audit   'object.assign': [ '4.1.7' ],
64 silly audit   'object.entries': [ '1.1.9' ],
64 silly audit   'object.fromentries': [ '2.0.8' ],
64 silly audit   'object.groupby': [ '1.0.3' ],
64 silly audit   'object.values': [ '1.2.1' ],
64 silly audit   ohash: [ '2.0.11' ],
64 silly audit   onetime: [ '5.1.2' ],
64 silly audit   optionator: [ '0.9.4' ],
64 silly audit   'os-paths': [ '4.4.0' ],
64 silly audit   'own-keys': [ '1.0.1' ],
64 silly audit   'p-limit': [ '3.1.0' ],
64 silly audit   'p-locate': [ '5.0.0' ],
64 silly audit   pako: [ '1.0.11' ],
64 silly audit   'parent-module': [ '1.0.1' ],
64 silly audit   'path-exists': [ '4.0.0' ],
64 silly audit   'path-key': [ '3.1.1' ],
64 silly audit   'path-parse': [ '1.0.7' ],
64 silly audit   pathe: [ '2.0.3' ],
64 silly audit   pbf: [ '5.1.2' ],
64 silly audit   'pdf-lib': [ '1.17.1' ],
64 silly audit   tslib: [ '1.14.1', '2.8.1' ],
64 silly audit   'perfect-debounce': [ '2.1.0' ],
64 silly audit   pg: [ '8.22.0' ],
64 silly audit   'pg-cloudflare': [ '1.4.0' ],
64 silly audit   'pg-connection-string': [ '2.14.0' ],
64 silly audit   'pg-int8': [ '1.0.1' ],
64 silly audit   'pg-pool': [ '3.14.0' ],
64 silly audit   'pg-protocol': [ '1.15.0' ],
64 silly audit   'pg-types': [ '2.2.0' ],
64 silly audit   'postgres-array': [ '2.0.0', '3.0.4' ],
64 silly audit   pgpass: [ '1.0.5' ],
64 silly audit   picocolors: [ '1.1.1' ],
64 silly audit   picomatch: [ '2.3.2', '4.0.5' ],
64 silly audit   'pkg-types': [ '2.3.1' ],
64 silly audit   playwright: [ '1.62.0' ],
64 silly audit   'playwright-core': [ '1.62.0' ],
64 silly audit   'polyclip-ts': [ '0.16.8' ],
64 silly audit   'possible-typed-array-names': [ '1.1.0' ],
64 silly audit   'postal-mime': [ '2.7.5' ],
64 silly audit   postgres: [ '3.4.7' ],
64 silly audit   'postgres-bytea': [ '1.0.1' ],
64 silly audit   'postgres-date': [ '1.0.7' ],
64 silly audit   'postgres-interval': [ '1.2.0' ],
64 silly audit   potpack: [ '2.1.0' ],
64 silly audit   'prelude-ls': [ '1.2.1' ],
64 silly audit   prisma: [ '7.9.1' ],
64 silly audit   'process-nextick-args': [ '2.0.1' ],
64 silly audit   'prop-types': [ '15.8.1' ],
64 silly audit   'proper-lockfile': [ '4.1.2' ],
64 silly audit   retry: [ '0.12.0', '0.13.1' ],
64 silly audit   'protocol-buffers-schema': [ '3.6.1' ],
64 silly audit   punycode: [ '2.3.1' ],
64 silly audit   'pure-rand': [ '6.1.0' ],
64 silly audit   'queue-microtask': [ '1.2.3' ],
64 silly audit   quickselect: [ '3.0.0' ],
64 silly audit   rc9: [ '3.0.1' ],
64 silly audit   react: [ '19.2.4' ],
64 silly audit   'react-dom': [ '19.2.4' ],
64 silly audit   'react-is': [ '16.13.1' ],
64 silly audit   'readable-stream': [ '2.3.8' ],
64 silly audit   readdirp: [ '5.0.0' ],
64 silly audit   'reflect.getprototypeof': [ '1.0.10' ],
64 silly audit   'regexp.prototype.flags': [ '1.5.4' ],
64 silly audit   remeda: [ '2.33.4' ],
64 silly audit   'require-from-string': [ '2.0.2' ],
64 silly audit   resend: [ '6.18.1' ],
64 silly audit   resolve: [ '2.0.0-next.7' ],
64 silly audit   'resolve-from': [ '4.0.0' ],
64 silly audit   'resolve-pkg-maps': [ '1.0.0' ],
64 silly audit   'resolve-protobuf-schema': [ '2.1.0' ],
64 silly audit   ret: [ '0.5.0' ],
64 silly audit   reusify: [ '1.1.0' ],
64 silly audit   'run-parallel': [ '1.2.0' ],
64 silly audit   'safe-array-concat': [ '1.1.4' ],
64 silly audit   'safe-buffer': [ '5.1.2' ],
64 silly audit   'safe-push-apply': [ '1.0.0' ],
64 silly audit   'safe-regex-test': [ '1.1.0' ],
64 silly audit   'safe-regex2': [ '5.1.1' ],
64 silly audit   'safer-buffer': [ '2.1.2' ],
64 silly audit   scheduler: [ '0.27.0' ],
64 silly audit   'seq-queue': [ '0.0.5' ],
64 silly audit   'server-only': [ '0.0.1' ],
64 silly audit   'set-function-length': [ '1.2.2' ],
64 silly audit   'set-function-name': [ '2.0.2' ],
64 silly audit   'set-proto': [ '1.0.0' ],
64 silly audit   setimmediate: [ '1.0.5' ],
64 silly audit   'shebang-command': [ '2.0.0' ],
64 silly audit   'shebang-regex': [ '3.0.0' ],
64 silly audit   'side-channel': [ '1.1.1' ],
64 silly audit   'side-channel-list': [ '1.0.1' ],
64 silly audit   'side-channel-map': [ '1.0.1' ],
64 silly audit   'side-channel-weakmap': [ '1.0.2' ],
64 silly audit   'source-map-js': [ '1.2.1' ],
64 silly audit   'splaytree-ts': [ '1.0.2' ],
64 silly audit   split2: [ '4.2.0' ],
64 silly audit   sqlstring: [ '2.3.3' ],
64 silly audit   'stable-hash': [ '0.0.5' ],
64 silly audit   standardwebhooks: [ '1.0.0' ],
64 silly audit   'std-env': [ '3.10.0' ],
64 silly audit   'stop-iteration-iterator': [ '1.1.0' ],
64 silly audit   string_decoder: [ '1.1.1' ],
64 silly audit   'string.prototype.includes': [ '2.0.1' ],
64 silly audit   'string.prototype.matchall': [ '4.0.12' ],
64 silly audit   'string.prototype.repeat': [ '1.0.0' ],
64 silly audit   'string.prototype.trim': [ '1.2.11' ],
64 silly audit   'string.prototype.trimend': [ '1.0.10' ],
64 silly audit   'string.prototype.trimstart': [ '1.0.8' ],
64 silly audit   'strip-bom': [ '3.0.0' ],
64 silly audit   'strip-final-newline': [ '2.0.0' ],
64 silly audit   'strip-json-comments': [ '3.1.1' ],
64 silly audit   stripe: [ '22.3.2' ],
64 silly audit   'styled-jsx': [ '5.1.6' ],
64 silly audit   'supports-color': [ '7.2.0' ],
64 silly audit   'supports-preserve-symlinks-flag': [ '1.0.0' ],
64 silly audit   tailwindcss: [ '4.3.2' ],
64 silly audit   tapable: [ '2.3.3' ],
64 silly audit   throttleit: [ '2.1.0' ],
64 silly audit   tinyglobby: [ '0.2.17' ],
64 silly audit   fdir: [ '6.5.0' ],
64 silly audit   'to-regex-range': [ '5.0.1' ],
64 silly audit   'ts-api-utils': [ '2.5.0' ],
64 silly audit   'tsconfig-paths': [ '3.15.0' ],
64 silly audit   'type-check': [ '0.4.0' ],
64 silly audit   'typed-array-buffer': [ '1.0.3' ],
64 silly audit   'typed-array-byte-length': [ '1.0.3' ],
64 silly audit   'typed-array-byte-offset': [ '1.0.4' ],
64 silly audit   'typed-array-length': [ '1.0.8' ],
64 silly audit   typescript: [ '5.9.3' ],
64 silly audit   'typescript-eslint': [ '8.63.0' ],
64 silly audit   'unbox-primitive': [ '1.1.0' ],
64 silly audit   undici: [ '6.27.0', '7.29.0' ],
64 silly audit   'undici-types': [ '6.21.0' ],
64 silly audit   'unrs-resolver': [ '1.12.2' ],
64 silly audit   'update-browserslist-db': [ '1.2.3' ],
64 silly audit   'uri-js': [ '4.4.1' ],
64 silly audit   'util-deprecate': [ '1.0.2' ],
64 silly audit   valibot: [ '1.4.2' ],
64 silly audit   which: [ '2.0.2' ],
64 silly audit   'which-boxed-primitive': [ '1.1.1' ],
64 silly audit   'which-builtin-type': [ '1.2.1' ],
64 silly audit   'which-collection': [ '1.0.2' ],
64 silly audit   'which-typed-array': [ '1.1.22' ],
64 silly audit   'word-wrap': [ '1.2.5' ],
64 silly audit   'xdg-app-paths': [ '5.5.1' ],
64 silly audit   'xdg-portable': [ '7.3.0' ],
64 silly audit   xtend: [ '4.0.2' ],
64 silly audit   yallist: [ '3.1.1' ],
64 silly audit   'yocto-queue': [ '0.1.0' ],
64 silly audit   zeptomatch: [ '2.1.0' ],
64 silly audit   'zod-validation-error': [ '4.0.2' ],
64 silly audit   ai: [ '7.0.62' ],
64 silly audit   '@ai-sdk/gateway': [ '4.0.49' ],
64 silly audit   '@ai-sdk/provider': [ '4.0.7' ],
64 silly audit   '@ai-sdk/provider-utils': [ '5.0.27' ],
64 silly audit   'json-schema': [ '0.4.0' ],
64 silly audit   '@workflow/serde': [ '4.1.0' ],
64 silly audit   'eventsource-parser': [ '3.1.1' ]
64 silly audit }
65 http cache eventsource-parser@https://registry.npmjs.org/eventsource-parser/-/eventsource-parser-3.1.1.tgz 0ms (cache hit)
66 http cache @ai-sdk/provider-utils@https://registry.npmjs.org/@ai-sdk/provider-utils/-/provider-utils-5.0.27.tgz 0ms (cache hit)
67 http cache @workflow/serde@https://registry.npmjs.org/@workflow/serde/-/serde-4.1.0.tgz 0ms (cache hit)
68 http cache json-schema@https://registry.npmjs.org/json-schema/-/json-schema-0.4.0.tgz 0ms (cache hit)
69 http cache @ai-sdk/provider@https://registry.npmjs.org/@ai-sdk/provider/-/provider-4.0.7.tgz 0ms (cache hit)
70 http cache ai@https://registry.npmjs.org/ai/-/ai-7.0.62.tgz 0ms (cache hit)
71 http cache @ai-sdk/gateway@https://registry.npmjs.org/@ai-sdk/gateway/-/gateway-4.0.49.tgz 0ms (cache hit)
72 http cache undici@https://registry.npmjs.org/undici/-/undici-7.29.0.tgz 0ms (cache hit)
73 silly tarball no local data for eventsource-parser@https://registry.npmjs.org/eventsource-parser/-/eventsource-parser-3.1.1.tgz. Extracting by manifest.
74 http cache @vercel/oidc@https://registry.npmjs.org/@vercel/oidc/-/oidc-3.2.0.tgz 0ms (cache hit)
75 silly tarball no local data for @ai-sdk/provider-utils@https://registry.npmjs.org/@ai-sdk/provider-utils/-/provider-utils-5.0.27.tgz. Extracting by manifest.
76 silly tarball no local data for @workflow/serde@https://registry.npmjs.org/@workflow/serde/-/serde-4.1.0.tgz. Extracting by manifest.
77 silly tarball no local data for json-schema@https://registry.npmjs.org/json-schema/-/json-schema-0.4.0.tgz. Extracting by manifest.
78 silly tarball no local data for @ai-sdk/provider@https://registry.npmjs.org/@ai-sdk/provider/-/provider-4.0.7.tgz. Extracting by manifest.
79 silly tarball no local data for ai@https://registry.npmjs.org/ai/-/ai-7.0.62.tgz. Extracting by manifest.
80 silly tarball no local data for @ai-sdk/gateway@https://registry.npmjs.org/@ai-sdk/gateway/-/gateway-4.0.49.tgz. Extracting by manifest.
81 silly tarball no local data for undici@https://registry.npmjs.org/undici/-/undici-7.29.0.tgz. Extracting by manifest.
82 silly tarball no local data for @vercel/oidc@https://registry.npmjs.org/@vercel/oidc/-/oidc-3.2.0.tgz. Extracting by manifest.
83 http fetch GET 200 https://registry.npmjs.org/json-schema/-/json-schema-0.4.0.tgz 55ms (cache miss)
84 http fetch GET 200 https://registry.npmjs.org/@workflow/serde/-/serde-4.1.0.tgz 59ms (cache miss)
85 http fetch GET 200 https://registry.npmjs.org/eventsource-parser/-/eventsource-parser-3.1.1.tgz 83ms (cache miss)
86 http fetch POST 200 https://registry.npmjs.org/-/npm/v1/security/advisories/bulk 197ms
87 silly audit report {
87 silly audit report   'brace-expansion': [
87 silly audit report     {
87 silly audit report       id: 1130588,
87 silly audit report       url: 'https://github.com/advisories/GHSA-mh99-v99m-4gvg',
87 silly audit report       title: 'brace-expansion: DoS via unbounded expansion length causing an out-of-memory process crash',
87 silly audit report       severity: 'high',
87 silly audit report       vulnerable_versions: '<1.1.17',
87 silly audit report       cwe: [Array],
87 silly audit report       cvss: [Object]
87 silly audit report     },
87 silly audit report     {
87 silly audit report       id: 1130591,
87 silly audit report       url: 'https://github.com/advisories/GHSA-mh99-v99m-4gvg',
87 silly audit report       title: 'brace-expansion: DoS via unbounded expansion length causing an out-of-memory process crash',
87 silly audit report       severity: 'high',
87 silly audit report       vulnerable_versions: '>=4.0.0 <5.0.8',
87 silly audit report       cwe: [Array],
87 silly audit report       cvss: [Object]
87 silly audit report     },
87 silly audit report     {
87 silly audit report       id: 1130734,
87 silly audit report       url: 'https://github.com/advisories/GHSA-rgw5-rvv9-x895',
87 silly audit report       title: 'brace-expansion: DoS via unbounded intermediate arrays, bypassing the CVE-2026-14257 mitigation',
87 silly audit report       severity: 'high',
87 silly audit report       vulnerable_versions: '>=4.0.0 <5.0.9',
87 silly audit report       cwe: [Array],
87 silly audit report       cvss: [Object]
87 silly audit report     },
87 silly audit report     {
87 silly audit report       id: 1130737,
87 silly audit report       url: 'https://github.com/advisories/GHSA-rgw5-rvv9-x895',
87 silly audit report       title: 'brace-expansion: DoS via unbounded intermediate arrays, bypassing the CVE-2026-14257 mitigation',
87 silly audit report       severity: 'high',
87 silly audit report       vulnerable_versions: '<1.1.18',
87 silly audit report       cwe: [Array],
87 silly audit report       cvss: [Object]
87 silly audit report     }
87 silly audit report   ],
87 silly audit report   'fast-uri': [
87 silly audit report     {
87 silly audit report       id: 1130720,
87 silly audit report       url: 'https://github.com/advisories/GHSA-7p8r-x3mc-p8w7',
87 silly audit report       title: 'fast-uri vulnerable to host confusion via backslash authority introducer',
87 silly audit report       severity: 'high',
87 silly audit report       vulnerable_versions: '>=3.0.0 <3.1.5',
87 silly audit report       cwe: [Array],
87 silly audit report       cvss: [Object]
87 silly audit report     }
87 silly audit report   ],
87 silly audit report   'js-yaml': [
87 silly audit report     {
87 silly audit report       id: 1138115,
87 silly audit report       url: 'https://github.com/advisories/GHSA-5p4m-2wfm-xmqj',
87 silly audit report       title: 'JS-YAML: Quadratic CPU consumption in !!omap resolution (3.x and 4.x) — CVE-2026-59870 fix not backported',
87 silly audit report       severity: 'high',
87 silly audit report       vulnerable_versions: '>=4.0.0 <4.3.1',
87 silly audit report       cwe: [Array],
87 silly audit report       cvss: [Object]
87 silly audit report     }
87 silly audit report   ],
87 silly audit report   nanoid: [
87 silly audit report     {
87 silly audit report       id: 1138813,
87 silly audit report       url: 'https://github.com/advisories/GHSA-2v37-7h3g-55p8',
87 silly audit report       title: 'nanoid: custom generators can loop indefinitely when size is zero',
87 silly audit report       severity: 'high',
87 silly audit report       vulnerable_versions: '<3.3.17',
87 silly audit report       cwe: [Array],
87 silly audit report       cvss: [Object]
87 silly audit report     }
87 silly audit report   ],
87 silly audit report   next: [
87 silly audit report     {
87 silly audit report       id: 1124184,
87 silly audit report       url: 'https://github.com/advisories/GHSA-89xv-2m56-2m9x',
87 silly audit report       title: 'Next.js: Server-Side Request Forgery in Server Actions on custom servers',
87 silly audit report       severity: 'high',
87 silly audit report       vulnerable_versions: '>=16.0.0 <16.2.11',
87 silly audit report       cwe: [Array],
87 silly audit report       cvss: [Object]
87 silly audit report     },
87 silly audit report     {
87 silly audit report       id: 1124186,
87 silly audit report       url: 'https://github.com/advisories/GHSA-68g3-v927-f742',
87 silly audit report       title: 'Next.js: Cache confusion of response bodies for requests with bodies',
87 silly audit report       severity: 'moderate',
87 silly audit report       vulnerable_versions: '>=16.0.0 <16.2.11',
87 silly audit report       cwe: [Array],
87 silly audit report       cvss: [Object]
87 silly audit report     },
87 silly audit report     {
87 silly audit report       id: 1124170,
87 silly audit report       url: 'https://github.com/advisories/GHSA-6gpp-xcg3-4w24',
87 silly audit report       title: 'Next.js: Middleware / Proxy bypass in App Router applications using Turbopack and single locale',
87 silly audit report       severity: 'high',
87 silly audit report       vulnerable_versions: '>=16.0.0 <16.2.11',
87 silly audit report       cwe: [Array],
87 silly audit report       cvss: [Object]
87 silly audit report     },
87 silly audit report     {
87 silly audit report       id: 1124171,
87 silly audit report       url: 'https://github.com/advisories/GHSA-m99w-x7hq-7vfj',
87 silly audit report       title: 'Next.js: Denial of Service in App Router using Server Actions',
87 silly audit report       severity: 'high',
87 silly audit report       vulnerable_versions: '>=16.0.0 <16.2.11',
87 silly audit report       cwe: [Array],
87 silly audit report       cvss: [Object]
87 silly audit report     },
87 silly audit report     {
87 silly audit report       id: 1124188,
87 silly audit report       url: 'https://github.com/advisories/GHSA-4633-3j49-mh5q',
87 silly audit report       title: 'Next.js: Cache confusion of response bodies for requests with bodies containing invalid UTF-8 byte sequences',
87 silly audit report       severity: 'moderate',
87 silly audit report       vulnerable_versions: '>=16.0.0 <16.2.11',
87 silly audit report       cwe: [Array],
87 silly audit report       cvss: [Object]
87 silly audit report     },
87 silly audit report     {
87 silly audit report       id: 1124190,
87 silly audit report       url: 'https://github.com/advisories/GHSA-4c39-4ccg-62r3',
87 silly audit report       title: 'Next.js: Unbounded Server Action payload in Edge runtime',
87 silly audit report       severity: 'moderate',
87 silly audit report       vulnerable_versions: '>=16.0.0 <16.2.11',
87 silly audit report       cwe: [Array],
87 silly audit report       cvss: [Object]
87 silly audit report     },
87 silly audit report     {
87 silly audit report       id: 1124192,
87 silly audit report       url: 'https://github.com/advisories/GHSA-p9j2-gv94-2wf4',
87 silly audit report       title: 'Next.js: Server-Side Request Forgery in rewrites via attacker-controlled destination hostname',
87 silly audit report       severity: 'high',
87 silly audit report       vulnerable_versions: '>=16.0.0 <16.2.11',
87 silly audit report       cwe: [Array],
87 silly audit report       cvss: [Object]
87 silly audit report     },
87 silly audit report     {
87 silly audit report       id: 1124194,
87 silly audit report       url: 'https://github.com/advisories/GHSA-q8wf-6r8g-63ch',
87 silly audit report       title: 'Next.js: Denial of Service in the Image Optimization API using SVGs',
87 silly audit report       severity: 'moderate',
87 silly audit report       vulnerable_versions: '>=16.0.0 <16.2.11',
87 silly audit report       cwe: [Array],
87 silly audit report       cvss: [Object]
87 silly audit report     },
87 silly audit report     {
87 silly audit report       id: 1124196,
87 silly audit report       url: 'https://github.com/advisories/GHSA-955p-x3mx-jcvp',
87 silly audit report       title: 'Next.js: Unauthenticated disclosure of internal Server Function endpoints',
87 silly audit report       severity: 'moderate',
87 silly audit report       vulnerable_versions: '>=16.0.0 <16.2.11',
87 silly audit report       cwe: [Array],
87 silly audit report       cvss: [Object]
87 silly audit report     }
87 silly audit report   ],
87 silly audit report   postcss: [
87 silly audit report     {
87 silly audit report       id: 1130709,
87 silly audit report       url: 'https://github.com/advisories/GHSA-fxqj-rqcc-2cmp',
87 silly audit report       title: 'PostCSS: incomplete fix of GHSA-6g55-p6wh-862q — attacker-controlled sourceMappingURL reads arbitrary .map files when `from` is unset',
87 silly audit report       severity: 'moderate',
87 silly audit report       vulnerable_versions: '<=8.5.22',
87 silly audit report       cwe: [Array],
87 silly audit report       cvss: [Object]
87 silly audit report     },
87 silly audit report     {
87 silly audit report       id: 1117015,
87 silly audit report       url: 'https://github.com/advisories/GHSA-qx2v-qp2m-jg93',
87 silly audit report       title: 'PostCSS has XSS via Unescaped </style> in its CSS Stringify Output',
87 silly audit report       severity: 'moderate',
87 silly audit report       vulnerable_versions: '<8.5.10',
87 silly audit report       cwe: [Array],
87 silly audit report       cvss: [Object]
87 silly audit report     },
87 silly audit report     {
87 silly audit report       id: 1124252,
87 silly audit report       url: 'https://github.com/advisories/GHSA-6g55-p6wh-862q',
87 silly audit report       title: 'PostCSS: Arbitrary file read and information disclosure via attacker-controlled sourceMappingURL in CSS comments',
87 silly audit report       severity: 'high',
87 silly audit report       vulnerable_versions: '<=8.5.11',
87 silly audit report       cwe: [Array],
87 silly audit report       cvss: [Object]
87 silly audit report     },
87 silly audit report     {
87 silly audit report       id: 1124288,
87 silly audit report       url: 'https://github.com/advisories/GHSA-r28c-9q8g-f849',
87 silly audit report       title: 'PostCSS: Path Traversal in Previous Source Map Auto-Loading (sourceMappingURL) leads to Arbitrary .map File Disclosure',
87 silly audit report       severity: 'high',
87 silly audit report       vulnerable_versions: '<=8.5.17',
87 silly audit report       cwe: [Array],
87 silly audit report       cvss: [Object]
87 silly audit report     }
87 silly audit report   ],
87 silly audit report   sharp: [
87 silly audit report     {
87 silly audit report       id: 1124066,
87 silly audit report       url: 'https://github.com/advisories/GHSA-f88m-g3jw-g9cj',
87 silly audit report       title: 'sharp inherited vulnerabilities in libvips: CVE-2026-33327, CVE-2026-33328, CVE-2026-35590, CVE-2026-35591',
87 silly audit report       severity: 'high',
87 silly audit report       vulnerable_versions: '<0.35.0',
87 silly audit report       cwe: [Array],
87 silly audit report       cvss: [Object]
87 silly audit report     }
87 silly audit report   ],
87 silly audit report   undici: [
87 silly audit report     {
87 silly audit report       id: 1130716,
87 silly audit report       url: 'https://github.com/advisories/GHSA-8xcm-r25x-g524',
87 silly audit report       title: 'undici vulnerable to downstream response desynchronization via retry interceptor',
87 silly audit report       severity: 'moderate',
87 silly audit report       vulnerable_versions: '<6.28.0',
87 silly audit report       cwe: [Array],
87 silly audit report       cvss: [Object]
87 silly audit report     },
87 silly audit report     {
87 silly audit report       id: 1130727,
87 silly audit report       url: 'https://github.com/advisories/GHSA-m8rv-5g2x-5cg5',
87 silly audit report       title: "undici vulnerable to CRLF Injection via blob-like body 'type' property",
87 silly audit report       severity: 'moderate',
87 silly audit report       vulnerable_versions: '<6.28.0',
87 silly audit report       cwe: [Array],
87 silly audit report       cvss: [Object]
87 silly audit report     },
87 silly audit report     {
87 silly audit report       id: 1130732,
87 silly audit report       url: 'https://github.com/advisories/GHSA-v3r7-h72x-cjcm',
87 silly audit report       title: 'undici vulnerable to cookie attribute injection via unsanitized domain and unparsed setCookie fields',
87 silly audit report       severity: 'moderate',
87 silly audit report       vulnerable_versions: '<6.28.0',
87 silly audit report       cwe: [Array],
87 silly audit report       cvss: [Object]
87 silly audit report     }
87 silly audit report   ]
87 silly audit report }
88 silly packumentCache corgi:https://registry.npmjs.org/brace-expansion cache-miss
89 silly packumentCache corgi:https://registry.npmjs.org/fast-uri cache-miss
90 silly packumentCache corgi:https://registry.npmjs.org/js-yaml cache-miss
91 silly packumentCache corgi:https://registry.npmjs.org/nanoid cache-miss
92 silly packumentCache corgi:https://registry.npmjs.org/next cache-miss
93 silly packumentCache corgi:https://registry.npmjs.org/postcss cache-miss
94 silly packumentCache corgi:https://registry.npmjs.org/sharp cache-miss
95 silly packumentCache corgi:https://registry.npmjs.org/undici cache-miss
96 http fetch GET 200 https://registry.npmjs.org/fast-uri 62ms (cache revalidated)
97 silly packumentCache corgi:https://registry.npmjs.org/fast-uri set size:30599 disposed:false
98 http fetch GET 200 https://registry.npmjs.org/js-yaml 64ms (cache revalidated)
99 silly packumentCache corgi:https://registry.npmjs.org/js-yaml set size:70542 disposed:false
100 http fetch GET 200 https://registry.npmjs.org/nanoid 66ms (cache revalidated)
101 silly packumentCache corgi:https://registry.npmjs.org/nanoid set size:158420 disposed:false
102 http fetch GET 200 https://registry.npmjs.org/brace-expansion 68ms (cache revalidated)
103 silly packumentCache corgi:https://registry.npmjs.org/brace-expansion set size:34964 disposed:false
104 http fetch GET 200 https://registry.npmjs.org/@vercel/oidc/-/oidc-3.2.0.tgz 287ms (cache miss)
105 http fetch GET 200 https://registry.npmjs.org/postcss 120ms (cache revalidated)
106 silly packumentCache corgi:https://registry.npmjs.org/postcss set size:355680 disposed:false
107 http fetch GET 200 https://registry.npmjs.org/undici 124ms (cache revalidated)
108 silly packumentCache corgi:https://registry.npmjs.org/undici set size:455439 disposed:false
109 http fetch GET 200 https://registry.npmjs.org/sharp 130ms (cache revalidated)
110 silly packumentCache corgi:https://registry.npmjs.org/sharp set size:291503 disposed:false
111 http fetch GET 200 https://registry.npmjs.org/@ai-sdk/gateway/-/gateway-4.0.49.tgz 395ms (cache miss)
112 http fetch GET 200 https://registry.npmjs.org/@ai-sdk/provider-utils/-/provider-utils-5.0.27.tgz 637ms (cache miss)
113 http fetch GET 200 https://registry.npmjs.org/next 465ms (cache updated)
114 silly packumentCache corgi:https://registry.npmjs.org/next set size:undefined disposed:false
115 silly packumentCache corgi:https://registry.npmjs.org/minimatch cache-miss
116 http fetch GET 200 https://registry.npmjs.org/minimatch 54ms (cache revalidated)
117 silly packumentCache corgi:https://registry.npmjs.org/minimatch set size:169442 disposed:false
118 silly packumentCache corgi:https://registry.npmjs.org/ajv cache-miss
119 http fetch GET 200 https://registry.npmjs.org/ajv 35ms (cache revalidated)
120 silly packumentCache corgi:https://registry.npmjs.org/ajv set size:467559 disposed:false
121 silly packumentCache corgi:https://registry.npmjs.org/@eslint%2feslintrc cache-miss
122 http fetch GET 200 https://registry.npmjs.org/undici/-/undici-7.29.0.tgz 1252ms (cache miss)
123 http fetch GET 200 https://registry.npmjs.org/@eslint%2feslintrc 42ms (cache revalidated)
124 silly packumentCache corgi:https://registry.npmjs.org/@eslint%2feslintrc set size:84432 disposed:false
125 silly packumentCache corgi:https://registry.npmjs.org/@clerk%2fnextjs cache-miss
126 http fetch GET 200 https://registry.npmjs.org/@ai-sdk/provider/-/provider-4.0.7.tgz 1345ms (cache miss)
127 http fetch GET 200 https://registry.npmjs.org/@clerk%2fnextjs 622ms (cache updated)
128 silly packumentCache corgi:https://registry.npmjs.org/@clerk%2fnextjs set size:undefined disposed:false
129 silly packumentCache corgi:https://registry.npmjs.org/@tailwindcss%2fpostcss cache-miss
130 http fetch GET 200 https://registry.npmjs.org/ai/-/ai-7.0.62.tgz 2312ms (cache miss)
131 http fetch GET 200 https://registry.npmjs.org/@tailwindcss%2fpostcss 398ms (cache updated)
132 silly packumentCache corgi:https://registry.npmjs.org/@tailwindcss%2fpostcss set size:undefined disposed:false
133 silly packumentCache corgi:https://registry.npmjs.org/@vercel%2fblob cache-miss
134 http fetch GET 200 https://registry.npmjs.org/@vercel%2fblob 395ms (cache miss)
135 silly packumentCache corgi:https://registry.npmjs.org/@vercel%2fblob set size:undefined disposed:false
136 silly ADD node_modules/eventsource-parser
137 silly ADD node_modules/@workflow/serde
138 silly ADD node_modules/json-schema
139 silly ADD node_modules/@ai-sdk/provider-utils
140 silly ADD node_modules/@ai-sdk/provider-utils/node_modules/undici
141 silly ADD node_modules/@ai-sdk/provider
142 silly ADD node_modules/@ai-sdk/gateway
143 silly ADD node_modules/@ai-sdk/gateway/node_modules/@vercel/oidc
144 silly ADD node_modules/ai
145 warn allow-scripts 4 packages have install scripts not yet covered by allowScripts:
145 warn allow-scripts   @prisma/engines@7.9.1 (postinstall: node scripts/postinstall.js)
145 warn allow-scripts   sharp@0.34.5 (install: node install/check.js || npm run build)
145 warn allow-scripts   prisma@7.9.1 (preinstall: node scripts/preinstall-entry.js)
145 warn allow-scripts   unrs-resolver@1.12.2 (postinstall: node postinstall.js)
145 warn allow-scripts
145 warn allow-scripts Run `npm approve-scripts --allow-scripts-pending` to review, or `npm approve-scripts <pkg>` to allow.
146 verbose cwd C:\Users\Ballotti\Downloads\solardev-ai
147 verbose os Windows_NT 10.0.26200
148 verbose node v24.19.0
149 verbose npm  v11.17.0
150 verbose exit 0
151 info ok
